=== nproc ===
4
=== cpu ===
Architecture:                            x86_64
CPU op-mode(s):                          32-bit, 64-bit
Address sizes:                           46 bits physical, 57 bits virtual
Byte Order:                              Little Endian
CPU(s):                                  4
On-line CPU(s) list:                     0-3
Vendor ID:                               GenuineIntel
Model name:                              Intel(R) Xeon(R) Platinum 8370C CPU @ 2.80GHz
CPU family:                              6
Model:                                   106
Thread(s) per core:                      2
Core(s) per socket:                      2
Socket(s):                               1
Stepping:                                6
CPU(s) scaling MHz:                      124%
CPU max MHz:                             2800.0000
CPU min MHz:                             800.0000
BogoMIPS:                                5586.87
Flags:                                   fpu vme de pse tsc msr pae mce cx8 apic sep mtrr pge mca cmov pat pse36 clflush mmx fxsr sse sse2 ss ht syscall nx pdpe1gb rdtscp lm constant_tsc rep_good nopl xtopology tsc_reliable nonstop_tsc cpuid aperfmperf tsc_known_freq pni pclmulqdq vmx ssse3 fma cx16 pcid sse4_1 sse4_2 x2apic movbe popcnt tsc_deadline_timer aes xsave avx f16c rdrand hypervisor lahf_lm abm 3dnowprefetch tpr_shadow ept vpid ept_ad fsgsbase tsc_adjust bmi1 hle avx2 smep bmi2 erms invpcid rtm avx512f avx512dq rdseed adx smap avx512ifma clflushopt clwb avx512cd sha_ni avx512bw avx512vl xsaveopt xsavec xgetbv1 xsaves vnmi avx512vbmi umip avx512_vbmi2 gfni vaes vpclmulqdq avx512_vnni avx512_bitalg avx512_vpopcntdq la57 rdpid fsrm arch_capabilities
Virtualization:                          VT-x
Hypervisor vendor:                       Microsoft
Virtualization type:                     full
L1d cache:                               96 KiB (2 instances)
L1i cache:                               64 KiB (2 instances)
L2 cache:                                2.5 MiB (2 instances)
L3 cache:                                48 MiB (1 instance)
NUMA node(s):                            1
NUMA node0 CPU(s):                       0-3
Vulnerability Gather data sampling:      Not affected
Vulnerability Ghostwrite:                Not affected
Vulnerability Indirect target selection: Mitigation; Aligned branch/return thunks
Vulnerability Itlb multihit:             Not affected
Vulnerability L1tf:                      Not affected
Vulnerability Mds:                       Not affected
Vulnerability Meltdown:                  Not affected
Vulnerability Mmio stale data:           Vulnerable: Clear CPU buffers attempted, no microcode; SMT Host state unknown
Vulnerability Old microcode:             Not affected
Vulnerability Reg file data sampling:    Not affected
Vulnerability Retbleed:                  Vulnerable
Vulnerability Spec rstack overflow:      Not affected
=== mem ===
               total        used        free      shared  buff/cache   available
Mem:            15Gi       1.4Gi        12Gi        44Mi       2.5Gi        14Gi
Swap:          3.0Gi          0B       3.0Gi
=== flags ===
avx
avx2
avx512_bitalg
avx512_vbmi2
avx512_vnni
avx512_vpopcntdq
avx512bw
avx512cd
avx512dq
avx512f
avx512ifma
avx512vbmi
avx512vl
bmi1
bmi2
fma
popcnt
=== rust ===
rustc 1.98.0 (88d9e12ae 2026-08-18)
binary: rustc
commit-hash: 88d9e12ae178fab0fb5cc050a94da85685d449ea
commit-date: 2026-08-18
host: x86_64-unknown-linux-gnu
release: 1.98.0
LLVM version: 22.1.8
cargo 1.98.0 (797e8a9bc 2026-08-05)
release: 1.98.0
commit-hash: 797e8a9bca276c1c9f9f738d2a20f484fa4eea9d
commit-date: 2026-08-05
host: x86_64-unknown-linux-gnu
libgit2: 1.9.4 (sys:0.21.0 vendored)
libcurl: 8.21.0-DEV (sys:0.4.90+curl-8.21.0 vendored ssl:OpenSSL/3.6.3)
ssl: OpenSSL 3.6.3 9 Jun 2026
os: Ubuntu 24.4.0 (noble) [64-bit]
=== cmake/g++ ===
cmake version 3.31.6
g++ (Ubuntu 13.3.0-6ubuntu2~24.04.1) 13.3.0

Running kernel seems to be up-to-date.

No services need to be restarted.

No containers need to be restarted.

No user sessions are running outdated binaries.

No VM guests are running outdated hypervisor (qemu) binaries on this host.
primecount 7.10, <https://github.com/kimwalisch/primecount>
Copyright (C) 2013 - 2024 Kim Walisch
BSD 2-Clause License <https://opensource.org/licenses/BSD-2-Clause>
4
