4
Architecture:                            aarch64
CPU op-mode(s):                          32-bit, 64-bit
Byte Order:                              Little Endian
CPU(s):                                  4
On-line CPU(s) list:                     0-3
Vendor ID:                               ARM
Model name:                              Neoverse-N2
Model:                                   0
Thread(s) per core:                      1
Core(s) per socket:                      4
Socket(s):                               1
Stepping:                                r0p0
BogoMIPS:                                2000.00
Flags:                                   fp asimd evtstrm aes pmull sha1 sha2 crc32 atomics fphp asimdhp cpuid asimdrdm jscvt fcma lrcpc dcpop sha3 sm3 sm4 asimddp sha512 sve asimdfhm uscat ilrcpc flagm sb paca pacg dcpodp sve2 sveaes svebitperm svesha3 svesm4 flagm2 frint svei8mm svebf16 i8mm bf16
L1d cache:                               256 KiB (4 instances)
L1i cache:                               256 KiB (4 instances)
L2 cache:                                4 MiB (4 instances)
L3 cache:                                128 MiB (1 instance)
NUMA node(s):                            1
NUMA node0 CPU(s):                       0-3
Vulnerability Gather data sampling:      Not affected
Vulnerability Ghostwrite:                Not affected
Vulnerability Indirect target selection: Not affected
Vulnerability Itlb multihit:             Not affected
Vulnerability L1tf:                      Not affected
Vulnerability Mds:                       Not affected
Vulnerability Meltdown:                  Not affected
Vulnerability Mmio stale data:           Not affected
Vulnerability Old microcode:             Not affected
Vulnerability Reg file data sampling:    Not affected
               total        used        free      shared  buff/cache   available
Mem:            15Gi       1.1Gi        13Gi        41Mi       1.2Gi        14Gi
Swap:          3.0Gi          0B       3.0Gi
rustc 1.98.0 (88d9e12ae 2026-08-18)
binary: rustc
commit-hash: 88d9e12ae178fab0fb5cc050a94da85685d449ea
commit-date: 2026-08-18
host: aarch64-unknown-linux-gnu
release: 1.98.0
LLVM version: 22.1.8
Features	: fp asimd evtstrm aes pmull sha1 sha2 crc32 atomics fphp asimdhp cpuid asimdrdm jscvt fcma lrcpc dcpop sha3 sm3 sm4 asimddp sha512 sve asimdfhm uscat ilrcpc flagm sb paca pacg dcpodp sve2 sveaes svebitperm svesha3 svesm4 flagm2 frint svei8mm svebf16 i8mm bf16
